// Jest Snapshot v1, https://goo.gl/fbAQLP

exports[`Renders without crashing 1`] = `
<p>
  <span
    className="Tags-title"
  >
    Tags:
  </span>
  <a
    className="App-similar_act"
    href="https://www.last.fm/tag/rock"
  >
    rock
  </a>
  <a
    className="App-similar_act"
    href="https://www.last.fm/tag/pop"
  >
    pop
  </a>
  <a
    className="App-similar_act"
    href="https://www.last.fm/tag/metal"
  >
    metal
  </a>
  <a
    className="App-similar_act"
    href="https://www.last.fm/tag/disco"
  >
    disco
  </a>
  <a
    className="App-similar_act"
    href="https://www.last.fm/tag/reggae"
  >
    reggae
  </a>
</p>
`;
